2025-11-13 23:02:16 | [32mINFO[0m | preprocessing | preprocess_data.py:31 | 🚀 Starting data preprocessing pipeline...
2025-11-13 23:27:40 | [31mERROR[0m | preprocessing | preprocess_data.py:72 | ❌ Preprocessing failed: "None of [Index(['source_iso3', 'year', 'source_gdp_usd', 'source_population',\n       'source_inflation'],\n      dtype='object')] are in the [columns]"
Traceback (most recent call last):
  File "/Users/anca/Documents/GNN-Based-Trade-Forecasting/scripts/preprocess_data.py", line 39, in main
    nodes, edges, metadata = preprocessor.run()
                             ^^^^^^^^^^^^^^^^^^
  File "/Users/anca/Documents/GNN-Based-Trade-Forecasting/src/data/preprocessing.py", line 403, in run
    merged = self.merge_trade_with_features(data)
             ^^^^^^^^^^^^^^^^^^^^^^^^^^^^^^^^^^^^
  File "/Users/anca/Documents/GNN-Based-Trade-Forecasting/src/data/preprocessing.py", line 69, in merge_trade_with_features
    wb_source[['source_iso3', 'year', 'source_gdp_usd', 'source_population', 'source_inflation']],
    ~~~~~~~~~^^^^^^^^^^^^^^^^^^^^^^^^^^^^^^^^^^^^^^^^^^^^^^^^^^^^^^^^^^^^^^^^^^^^^^^^^^^^^^^^^^^^
  File "/Users/anca/Documents/GNN-Based-Trade-Forecasting/venv/lib/python3.11/site-packages/pandas/core/frame.py", line 4108, in __getitem__
    indexer = self.columns._get_indexer_strict(key, "columns")[1]
              ^^^^^^^^^^^^^^^^^^^^^^^^^^^^^^^^^^^^^^^^^^^^^^^^
  File "/Users/anca/Documents/GNN-Based-Trade-Forecasting/venv/lib/python3.11/site-packages/pandas/core/indexes/base.py", line 6200, in _get_indexer_strict
    self._raise_if_missing(keyarr, indexer, axis_name)
  File "/Users/anca/Documents/GNN-Based-Trade-Forecasting/venv/lib/python3.11/site-packages/pandas/core/indexes/base.py", line 6249, in _raise_if_missing
    raise KeyError(f"None of [{key}] are in the [{axis_name}]")
KeyError: "None of [Index(['source_iso3', 'year', 'source_gdp_usd', 'source_population',\n       'source_inflation'],\n      dtype='object')] are in the [columns]"
2025-11-14 10:45:34 | [32mINFO[0m | preprocessing | preprocess_data.py:31 | 🚀 Starting data preprocessing pipeline...
2025-11-14 10:56:42 | [31mERROR[0m | preprocessing | preprocess_data.py:72 | ❌ Preprocessing failed: 'source_iso3'
Traceback (most recent call last):
  File "/Users/anca/Documents/GNN-Based-Trade-Forecasting/scripts/preprocess_data.py", line 39, in main
    nodes, edges, metadata = preprocessor.run()
                             ^^^^^^^^^^^^^^^^^^
  File "/Users/anca/Documents/GNN-Based-Trade-Forecasting/src/data/preprocessing.py", line 403, in run
    merged = self.merge_trade_with_features(data)
             ^^^^^^^^^^^^^^^^^^^^^^^^^^^^^^^^^^^^
  File "/Users/anca/Documents/GNN-Based-Trade-Forecasting/src/data/preprocessing.py", line 68, in merge_trade_with_features
    trade = trade.merge(
            ^^^^^^^^^^^^
  File "/Users/anca/Documents/GNN-Based-Trade-Forecasting/venv/lib/python3.11/site-packages/pandas/core/frame.py", line 10832, in merge
    return merge(
           ^^^^^^
  File "/Users/anca/Documents/GNN-Based-Trade-Forecasting/venv/lib/python3.11/site-packages/pandas/core/reshape/merge.py", line 170, in merge
    op = _MergeOperation(
         ^^^^^^^^^^^^^^^^
  File "/Users/anca/Documents/GNN-Based-Trade-Forecasting/venv/lib/python3.11/site-packages/pandas/core/reshape/merge.py", line 794, in __init__
    ) = self._get_merge_keys()
        ^^^^^^^^^^^^^^^^^^^^^^
  File "/Users/anca/Documents/GNN-Based-Trade-Forecasting/venv/lib/python3.11/site-packages/pandas/core/reshape/merge.py", line 1310, in _get_merge_keys
    left_keys.append(left._get_label_or_level_values(lk))
                     ^^^^^^^^^^^^^^^^^^^^^^^^^^^^^^^^^^^
  File "/Users/anca/Documents/GNN-Based-Trade-Forecasting/venv/lib/python3.11/site-packages/pandas/core/generic.py", line 1911, in _get_label_or_level_values
    raise KeyError(key)
KeyError: 'source_iso3'
2025-11-14 11:37:33 | [32mINFO[0m | preprocessing | preprocess_data.py:31 | 🚀 Starting data preprocessing pipeline...
2025-11-14 11:48:48 | [31mERROR[0m | preprocessing | preprocess_data.py:72 | ❌ Preprocessing failed: 'source_iso3'
Traceback (most recent call last):
  File "/Users/anca/Documents/GNN-Based-Trade-Forecasting/scripts/preprocess_data.py", line 39, in main
    nodes, edges, metadata = preprocessor.run()
                             ^^^^^^^^^^^^^^^^^^
  File "/Users/anca/Documents/GNN-Based-Trade-Forecasting/src/data/preprocessing.py", line 403, in run
    merged = self.merge_trade_with_features(data)
             ^^^^^^^^^^^^^^^^^^^^^^^^^^^^^^^^^^^^
  File "/Users/anca/Documents/GNN-Based-Trade-Forecasting/src/data/preprocessing.py", line 68, in merge_trade_with_features
    trade = trade.merge(
            ^^^^^^^^^^^^
  File "/Users/anca/Documents/GNN-Based-Trade-Forecasting/venv/lib/python3.11/site-packages/pandas/core/frame.py", line 10832, in merge
    return merge(
           ^^^^^^
  File "/Users/anca/Documents/GNN-Based-Trade-Forecasting/venv/lib/python3.11/site-packages/pandas/core/reshape/merge.py", line 170, in merge
    op = _MergeOperation(
         ^^^^^^^^^^^^^^^^
  File "/Users/anca/Documents/GNN-Based-Trade-Forecasting/venv/lib/python3.11/site-packages/pandas/core/reshape/merge.py", line 794, in __init__
    ) = self._get_merge_keys()
        ^^^^^^^^^^^^^^^^^^^^^^
  File "/Users/anca/Documents/GNN-Based-Trade-Forecasting/venv/lib/python3.11/site-packages/pandas/core/reshape/merge.py", line 1310, in _get_merge_keys
    left_keys.append(left._get_label_or_level_values(lk))
                     ^^^^^^^^^^^^^^^^^^^^^^^^^^^^^^^^^^^
  File "/Users/anca/Documents/GNN-Based-Trade-Forecasting/venv/lib/python3.11/site-packages/pandas/core/generic.py", line 1911, in _get_label_or_level_values
    raise KeyError(key)
KeyError: 'source_iso3'
2025-11-14 11:54:26 | [32mINFO[0m | preprocessing | preprocess_data.py:31 | 🚀 Starting data preprocessing pipeline...
2025-11-14 12:05:34 | [31mERROR[0m | preprocessing | preprocess_data.py:72 | ❌ Preprocessing failed: 'source_iso3'
Traceback (most recent call last):
  File "/Users/anca/Documents/GNN-Based-Trade-Forecasting/scripts/preprocess_data.py", line 39, in main
    nodes, edges, metadata = preprocessor.run()
                             ^^^^^^^^^^^^^^^^^^
  File "/Users/anca/Documents/GNN-Based-Trade-Forecasting/src/data/preprocessing.py", line 403, in run
    merged = self.merge_trade_with_features(data)
             ^^^^^^^^^^^^^^^^^^^^^^^^^^^^^^^^^^^^
  File "/Users/anca/Documents/GNN-Based-Trade-Forecasting/src/data/preprocessing.py", line 68, in merge_trade_with_features
    trade = trade.merge(
            ^^^^^^^^^^^^
  File "/Users/anca/Documents/GNN-Based-Trade-Forecasting/venv/lib/python3.11/site-packages/pandas/core/frame.py", line 10832, in merge
    return merge(
           ^^^^^^
  File "/Users/anca/Documents/GNN-Based-Trade-Forecasting/venv/lib/python3.11/site-packages/pandas/core/reshape/merge.py", line 170, in merge
    op = _MergeOperation(
         ^^^^^^^^^^^^^^^^
  File "/Users/anca/Documents/GNN-Based-Trade-Forecasting/venv/lib/python3.11/site-packages/pandas/core/reshape/merge.py", line 794, in __init__
    ) = self._get_merge_keys()
        ^^^^^^^^^^^^^^^^^^^^^^
  File "/Users/anca/Documents/GNN-Based-Trade-Forecasting/venv/lib/python3.11/site-packages/pandas/core/reshape/merge.py", line 1310, in _get_merge_keys
    left_keys.append(left._get_label_or_level_values(lk))
                     ^^^^^^^^^^^^^^^^^^^^^^^^^^^^^^^^^^^
  File "/Users/anca/Documents/GNN-Based-Trade-Forecasting/venv/lib/python3.11/site-packages/pandas/core/generic.py", line 1911, in _get_label_or_level_values
    raise KeyError(key)
KeyError: 'source_iso3'
2025-11-15 11:47:15 | [32mINFO[0m | preprocessing | preprocess_data.py:31 | 🚀 Starting data preprocessing pipeline...
2025-11-15 11:47:21 | [31mERROR[0m | preprocessing | preprocess_data.py:72 | ❌ Preprocessing failed: "None of [Index(['source_iso3', 'target_iso3', 'year', 'month', 'avg_tone'], dtype='object')] are in the [columns]"
Traceback (most recent call last):
  File "/Users/anca/Documents/GNN-Based-Trade-Forecasting/scripts/preprocess_data.py", line 39, in main
    nodes, edges, metadata = preprocessor.run()
                             ^^^^^^^^^^^^^^^^^^
  File "/Users/anca/Documents/GNN-Based-Trade-Forecasting/src/data/preprocessing.py", line 422, in run
    merged = self.merge_trade_with_features(data)
             ^^^^^^^^^^^^^^^^^^^^^^^^^^^^^^^^^^^^
  File "/Users/anca/Documents/GNN-Based-Trade-Forecasting/src/data/preprocessing.py", line 136, in merge_trade_with_features
    gdelt_1[['source_iso3', 'target_iso3', 'year', 'month', 'avg_tone']],
    ~~~~~~~^^^^^^^^^^^^^^^^^^^^^^^^^^^^^^^^^^^^^^^^^^^^^^^^^^^^^^^^^^^^^
  File "/Users/anca/Documents/GNN-Based-Trade-Forecasting/venv/lib/python3.11/site-packages/pandas/core/frame.py", line 4108, in __getitem__
    indexer = self.columns._get_indexer_strict(key, "columns")[1]
              ^^^^^^^^^^^^^^^^^^^^^^^^^^^^^^^^^^^^^^^^^^^^^^^^
  File "/Users/anca/Documents/GNN-Based-Trade-Forecasting/venv/lib/python3.11/site-packages/pandas/core/indexes/base.py", line 6200, in _get_indexer_strict
    self._raise_if_missing(keyarr, indexer, axis_name)
  File "/Users/anca/Documents/GNN-Based-Trade-Forecasting/venv/lib/python3.11/site-packages/pandas/core/indexes/base.py", line 6249, in _raise_if_missing
    raise KeyError(f"None of [{key}] are in the [{axis_name}]")
KeyError: "None of [Index(['source_iso3', 'target_iso3', 'year', 'month', 'avg_tone'], dtype='object')] are in the [columns]"
2025-11-15 12:00:00 | [32mINFO[0m | preprocessing | preprocess_data.py:31 | 🚀 Starting data preprocessing pipeline...
2025-11-15 17:28:44 | [32mINFO[0m | preprocessing | preprocess_data.py:31 | 🚀 Starting data preprocessing pipeline...
